> show dbs
admin   0.000GB
config  0.000GB
local   0.000GB
> use webdev
switched to db webdev
> db.movies.insert({title: 'Aliens', rating: 4.5})
WriteResult({ "nInserted" : 1 })
> show dbs
admin   0.000GB
config  0.000GB
local   0.000GB
webdev  0.000GB
> db.movies.insert([{title: "Terminator", rating: 4.8}, {title: "Avatar", rating: 4.7}, {title: "Dune", rating: 4.9}])
BulkWriteResult({
        "writeErrors" : [ ],
        "writeConcernErrors" : [ ],
        "nInserted" : 3,
        "nUpserted" : 0,
        "nMatched" : 0,
        "nModified" : 0,
        "nRemoved" : 0,
        "upserted" : [ ]
})
> db.movies.find()
{ "_id" : ObjectId("61aafa02b2c00d4717f128b6"), "title" : "Aliens", "rating" : 4.5 }
{ "_id" : ObjectId("61aafa84b2c00d4717f128b7"), "title" : "Terminator", "rating" : 4.8 }
{ "_id" : ObjectId("61aafa84b2c00d4717f128b8"), "title" : "Avatar", "rating" : 4.7 }
{ "_id" : ObjectId("61aafa84b2c00d4717f128b9"), "title" : "Dune", "rating" : 4.9 }
> db.movies.find({_id: ObjectId("61aafa02b2c00d4717f128b6")})
{ "_id" : ObjectId("61aafa02b2c00d4717f128b6"), "title" : "Aliens", "rating" : 4.5 }
> db.movies.find({title: "Aliens"})
{ "_id" : ObjectId("61aafa02b2c00d4717f128b6"), "title" : "Aliens", "rating" : 4.5 }
> db.movies.find().pretty()
{
        "_id" : ObjectId("61aafa02b2c00d4717f128b6"),
        "title" : "Aliens",
        "rating" : 4.5
}
{
        "_id" : ObjectId("61aafa84b2c00d4717f128b7"),
        "title" : "Terminator",
        "rating" : 4.8
}
{
        "_id" : ObjectId("61aafa84b2c00d4717f128b8"),
        "title" : "Avatar",
        "rating" : 4.7
}
{
        "_id" : ObjectId("61aafa84b2c00d4717f128b9"),
        "title" : "Dune",
        "rating" : 4.9
}
> db.movies.updateOne({title: "Avatar"}, {rating: 4.9})
uncaught exception: Error: the update operation document must contain atomic operators :
DBCollection.prototype.updateOne@src/mongo/shell/crud_api.js:565:19
@(shell):1:1
> db.movies.updateOne({title: "Avatar"}, {$set: {rating: 4.9}})
{ "acknowledged" : true, "matchedCount" : 1, "modifiedCount" : 1 }
> db.movies.deleteOne({title: "Terminator"})
{ "acknowledged" : true, "deletedCount" : 1 }
> db.movies.find()
{ "_id" : ObjectId("61aafa02b2c00d4717f128b6"), "title" : "Aliens", "rating" : 4.5 }
{ "_id" : ObjectId("61aafa84b2c00d4717f128b8"), "title" : "Avatar", "rating" : 4.9 }
{ "_id" : ObjectId("61aafa84b2c00d4717f128b9"), "title" : "Dune", "rating" : 4.9 }